\contentsline {listing}{\numberline {5.2} Maszyna stanowa stanu gry}{36}{listing.5.2}
\contentsline {listing}{\numberline {5.4} Maszyna stanowa fazy gry}{37}{listing.5.4}
\contentsline {listing}{\numberline {5.6} Tworzenie przyk\IeC {\l }adowej planszy do gry}{39}{listing.5.6}
\contentsline {listing}{\numberline {5.8} Wyci\IeC {\k a}ganie s\IeC {\k a}siaduj\IeC {\k a}cych sze\IeC {\'s}ciok\IeC {\k a}t\IeC {\'o}w}{41}{listing.5.8}
\contentsline {listing}{\numberline {5.10} Przyk\IeC {\l }adowe zapytanie \emph {SQL}}{41}{listing.5.10}
\contentsline {listing}{\numberline {5.12} Maszyna stanowa wierzcho\IeC {\l }ka}{42}{listing.5.12}
\contentsline {listing}{\numberline {5.14} Implementacja algorytmu liczenia najd\IeC {\l }u\IeC {\.z}szej drogi}{45}{listing.5.14}
\contentsline {listing}{\numberline {5.16} Maszyna stanowa gracza}{46}{listing.5.16}
\contentsline {listing}{\numberline {5.18} Maszyna stanowa karty rozwoju}{47}{listing.5.18}
\contentsline {listing}{\numberline {5.20} Implementacja i obs\IeC {\l }uga uwierzytelniania u\IeC {\.z}ytkownik\IeC {\'o}w}{50}{listing.5.20}
\contentsline {listing}{\numberline {5.22} Implementacja klasy \texttt {EdgesController}}{51}{listing.5.22}
\contentsline {listing}{\numberline {5.24} Zdefiniowanie \IeC {\'s}cie\IeC {\.z}ek}{52}{listing.5.24}
\contentsline {listing}{\numberline {5.26} Struktura znacznik\IeC {\'o}w \emph {HTML} tabeli -- planszy do gry}{57}{listing.5.26}
\contentsline {listing}{\numberline {5.28} Fragment kodu \IeC {\'z}r\IeC {\'o}d\IeC {\l }owego w j\IeC {\k e}zyku \emph {Sass}, odpowiedzialnego za ustalanie pozycji sze\IeC {\'s}ciok\IeC {\k a}t\IeC {\'o}w na planszy}{58}{listing.5.28}
\contentsline {listing}{\numberline {7.2} Kompilacja i instalacja interpretera j\IeC {\k e}zyka \emph {Ruby}}{69}{listing.7.2}
\contentsline {listing}{\numberline {7.4} Pobranie kodu z repozytorium \emph {Git}}{70}{listing.7.4}
\contentsline {listing}{\numberline {7.6} Instalacja wymaganych bibliotek, konfiguracja i uruchamianie aplikacji}{70}{listing.7.6}
\contentsline {listing}{\numberline {7.8} Uruchomienie serwera aplikacji}{71}{listing.7.8}
